main (  ) { 
    Application ( Identifier "f" ( Identifier "x" ) ) 
}
