main (  ) { 
    Asg ( Identifier "identifier" := Const 10 ) 
}
