main (  ) { 
    Let ( "x" = Const 50 ) In { 
        Operator ( Plus, Identifier "x" , Identifier "x" ) 
    } 
}
