main (  ) { 
    New ( "x" = Const 1 ) In { 
        empty 
    } 
}
