main (  ) { 
    Const 1 ; 
    Const 2 ; 
    Const 3 ; 
    Const 4 
}
