Fatal error: exception Failure("Cannot evaluate unsupported expression.")
