Fatal error: exception Failure("Could not find a variable to update.")
