Fatal error: exception Failure("Invalid value for if condition.")
