Fatal error: exception Failure("Invalid value for while condition.")
