Syntax error at line 6 and column 4: print.
Fatal error: exception Error.Error
