Syntax error at line 5 and column 0: fun2.
Fatal error: exception Error.Error
