Fatal error: exception Failure("Could not find a variable during environment lookup")
