Fatal error: exception Failure("Values are of different types. Operator cannot be applied.")
