Fatal error: exception Failure("No such function.")
