
main (  ) { 
    New ( "x" = Const 10 ) In { 
        Print ( Const 10 ) 
    } 
}

