
main (  ) { 
    New ( "x" = Const 2 ) In { 
        Asg ( Identifier "x" := Const 3 ) 
    } 
}

