
main (  ) { 
    Asg ( Identifier "x" := Const 50 ) ; 
    Asg ( Identifier "x" := Operator ( Divide, Operator ( Plus, Const 10 , Const 20 ) , Const 3 ) ) 
}

