
main (  ) { 
    New ( "x" = Const 1 ) In { 
        Asg ( Identifier "x" := Operator ( Plus, Identifier "x" , Const 1 ) ) ; 
        Return ( Deref ( Identifier "x" ) ) 
    } 
}

