
main (  ) { 
    Return ( Deref ( Identifier "x" ) ) 
}

