
main (  ) { 
    Asg ( Identifier "x" := Operator ( Plus, Identifier "a" , Identifier "b" ) ) ; 
    Asg ( Identifier "x" := Operator ( Minus, Identifier "a" , Identifier "b" ) ) ; 
    Asg ( Identifier "x" := Operator ( Times, Identifier "a" , Identifier "b" ) ) ; 
    Asg ( Identifier "x" := Operator ( Divide, Identifier "a" , Identifier "b" ) ) ; 
    Asg ( Identifier "x" := Operator ( Leq, Identifier "a" , Identifier "b" ) ) ; 
    Asg ( Identifier "x" := Operator ( Geq, Identifier "a" , Identifier "b" ) ) ; 
    Asg ( Identifier "x" := Operator ( Equal, Identifier "a" , Identifier "b" ) ) ; 
    Asg ( Identifier "x" := Operator ( Noteq, Identifier "a" , Identifier "b" ) ) ; 
    Asg ( Identifier "x" := Operator ( And, Identifier "a" , Identifier "b" ) ) ; 
    Asg ( Identifier "x" := Operator ( Or, Identifier "a" , Identifier "b" ) ) ; 
    Asg ( Identifier "x" := Operator ( Not, Operator ( Or, Identifier "a" , Identifier "b" ) ) ) 
}

