Syntax error at line 3 and column 111: {.
Fatal error: exception Error.Error
