Syntax error at line 7 and column 0: .
Fatal error: exception Print.Error
