ld 1
st r1
ld 1
st r2
and r1, r2
st r1
mv r1, r2
mv r2, r1
ld r1
