ld 1
st r1
ld 10
st r2
leq r1, r2
st r1
mv r1, r2
mv r2, r1
ld r1
